// Vitest Snapshot v1, https://vitest.dev/guide/snapshot.html

exports[`Pothos GraphQL schema > matches the public schema snapshot 1`] = `
"type AuthPayload {
  token: String
  user: User
}

input ChangeCurrentUserPasswordInput {
  currentPassword: currentPassword_String_NotNull_minLength_1_maxLength_255!
  newPassword: newPassword_String_NotNull_minLength_8_maxLength_255!
}

type Changelog {
  author: User!
  authorId: Int!
  competitor: Competitor!
  competitorId: Int!
  createdAt: DateTime!
  event: Event!
  eventId: String!
  id: Int!
  newValue: String
  origin: String!
  previousValue: String
  processed: Boolean!
  processedAt: DateTime
  processedBySource: String
  processedByType: String
  processedByUser: User
  type: String!
}

type ChangelogProcessing {
  id: Int!
  processed: Boolean!
  processedAt: DateTime
  processedBySource: String
  processedByType: String
}

type Class {
  awardedPlaces: Int
  climb: Int
  competitors: [Competitor!]
  competitorsCount: Int!
  controlsCount: Int
  course: Course
  currentFee: Float
  eventId: String!
  externalId: String
  fee: Float
  feeNet: Float
  feeVat: Float
  id: Int!
  lateEntryFeeDisabled: Boolean!
  length: Int
  maxAge: Int
  maxNumberOfCompetitors: Int
  maxTeamMembers: Int
  minAge: Int
  minTeamMembers: Int
  name: String!
  resultListMode: String
  sex: String
  startMode: StartMode
  startName: String
  startWindowFrom: DateTime
  startWindowTo: DateTime
  status: String
  teams: [Team!]
}

type ClassStartSlotVacancy {
  bibNumber: Int
  id: Int!
  startTime: DateTime!
}

type Competitor {
  bibNumber: Int
  card: Int
  class: Class!
  classId: Int!
  countsTowardsRanking: Boolean
  countsTowardsRankingReason: String
  externalId: String
  finishTime: DateTime
  firstname: String!
  id: Int!
  lastname: String!
  lateStart: Boolean!
  leg: Int
  license: String
  nationality: String
  note: String
  organisation: String
  organisationId: Int
  rankingPoints: Int
  rankingReferenceValue: Int
  registration: String!
  shortName: String
  splits: [Split!]
  startTime: DateTime
  status: String
  team: Team
  teamId: Int
  time: Int
  updatedAt: DateTime!
}

type Control {
  altitude: Float
  code: String!
  eventId: String!
  id: Int!
  latitude: Float
  longitude: Float
  name: String
  radio: Boolean!
  type: String!
}

type Country {
  countryCode: String!
  countryName: String!
  events: [Event!]
}

type Course {
  climb: Float
  controlsCount: Int
  courseFamily: String
  eventId: String!
  externalId: String
  id: Int!
  length: Float
  name: String!
}

input CreateUserCardInput {
  cardNumber: cardNumber_String_NotNull_minLength_1_maxLength_64!
  isDefault: Boolean
  sportId: Int!
  type: UserCardType!
}

type Currency {
  iso4217Alpha3: String!
  name: String!
}

"""
Date scalar type representing a date in format YYYY-MM-DD (no time part).
"""
scalar Date

"""
Custom DateTime scalar (backed by JS Date, serialized as ISO8601 string)
"""
scalar DateTime

type EntryAction {
  enabled: Boolean!
  key: EventServiceSystemKey!
  price: Float
}

type EntryAvailability {
  addOns: [EventAddOn!]!
  classes: [EntryAvailabilityClass!]!
  currency: EntryAvailabilityCurrency!
  defaultStartMode: StartMode!
  entriesCloseAt: DateTime
  entriesOpenAt: DateTime
  entryActions: [EntryAction!]!
  vatPayer: Boolean!
  vatRate: Float
}

type EntryAvailabilityClass {
  availableCount: Int!
  competitorCount: Int!
  fee: EntryAvailabilityFee
  id: Int!
  isFull: Boolean!
  maxAge: Int
  maxNumberOfCompetitors: Int!
  minAge: Int
  name: String!
  sex: String!
  slots: [EntryAvailabilitySlot!]!
  startMode: StartMode!
}

type EntryAvailabilityCurrency {
  code: String!
  name: String!
}

type EntryAvailabilityFee {
  amount: Float!
  net: Float!
  vat: Float!
}

type EntryAvailabilitySlot {
  bibNumber: Int
  id: Int!
  startTime: DateTime!
}

type Event {
  authorId: Int
  classes: [Class!]
  coefRanking: Float
  country: Country
  countryId: String
  createdAt: DateTime!
  currency: String
  date: DateTime!
  defaultStartMode: StartMode!
  demo: Boolean!
  discipline: EventDiscipline!
  entriesCloseAt: DateTime
  entriesOpenAt: DateTime
  eventFormat: EventFormat!
  eventPassword: EventPassword
  externalEventId: String
  externalSource: ExternalEventProvider
  featuredImage: String
  featuredImageKey: String
  hundredthPrecision: Boolean!
  id: String!
  lateEntryFeePercent: Float
  latitude: Float
  location: String
  longitude: Float
  meosEventBindings: [EventMeosBinding!]
  name: String!
  organizer: String
  published: Boolean!
  ranking: Boolean!
  relay: Boolean!
  resultsOfficialAt: DateTime
  resultsOfficialManuallySetAt: DateTime
  slug: String
  splitPublicationAt: DateTime
  splitPublicationMode: SplitPublicationMode!
  sport: Sport!
  sportId: Int!
  statusSummary: EventStatusSummary!
  timezone: String!
  updatedAt: DateTime!
  user: User
  vatPayer: Boolean!
  vatRate: Float
  zeroTime: String!
}

type EventAddOn {
  description: String
  enabled: Boolean!
  id: Int!
  maxQuantity: Int
  name: String!
  price: Float
}

type EventConnection {
  edges: [EventEdge!]!
  pageInfo: PageInfo!
}

enum EventDiscipline {
  KNOCKOUT_SPRINT
  LONG
  MIDDLE
  NIGHT
  OTHER
  RELAY
  SPRINT
  SPRINT_RELAY
  TEAMS
  ULTRALONG
}

type EventEdge {
  cursor: String!
  node: Event!
}

enum EventEntriesStatus {
  CLOSED
  OPEN
}

type EventFilesCoursesStatus {
  available: Boolean!
  controlsCount: Int!
  courseControlsCount: Int!
  coursesCount: Int!
  source: String
}

type EventFilesRadioControl {
  code: String!
  id: Int!
  radio: Boolean!
  type: String!
}

type EventFilesResultsStatus {
  available: Boolean!
  competitorsCount: Int!
  competitorsWithResultDataCount: Int!
  source: String
}

type EventFilesStartListStatus {
  available: Boolean!
  classesCount: Int!
  competitorsCount: Int!
  competitorsWithStartTimeCount: Int!
  source: String
}

type EventFilesStatus {
  courses: EventFilesCoursesStatus!
  radioControls: [EventFilesRadioControl!]!
  results: EventFilesResultsStatus!
  startList: EventFilesStartListStatus!
}

enum EventFilter {
  ALL
  RECENT
  TODAY
  UPCOMING
}

enum EventFormat {
  ScoreO
  Standard
}

type EventImportState {
  creator: String
  externalStatus: String
  lastSuccessfulImportAt: DateTime
  payloadType: String!
  rawHash: String!
  skippedCount: Int!
  sourceType: String!
  successCount: Int!
}

enum EventLifecycleStatus {
  DONE
  DRAFT
  LIVE
  UPCOMING
}

type EventMeosBinding {
  createdAt: DateTime!
  eventId: String!
  id: Int!
  updatedAt: DateTime!
}

enum EventOfficialResultsSource {
  EVENTOR
  LOCAL
  ORIS
}

type EventPassword {
  createdAt: DateTime!
  event: Event!
  eventId: String!
  expiresAt: DateTime!
  id: String!
  password: String!
  updatedAt: DateTime!
}

enum EventPrimaryStatus {
  DONE
  DRAFT
  LIVE
  UPCOMING
}

type EventResponse {
  event: Event
  message: String!
}

enum EventResultsStatus {
  LIVE
  NONE
  OFFICIAL
  UNOFFICIAL
}

type EventServiceSetting {
  active: Boolean!
  custom: Boolean!
  description: String
  id: Int
  maxQuantity: Int
  name: String!
  price: Float
  systemKey: EventServiceSystemKey
}

type EventServiceSettings {
  eventId: String!
  lateEntryFeePercent: Float
  services: [EventServiceSetting!]!
}

enum EventServiceSystemKey {
  CARD_CHANGE
  CARD_RENTAL
  CLASS_CHANGE
  ENTRY_CANCEL
  NAME_CHANGE
  START_TIME_CHANGE
}

type EventStatusSummary {
  entries: EventEntriesStatus!
  entriesConfigured: Boolean!
  lifecycle: EventLifecycleStatus!
  officialResultsSource: EventOfficialResultsSource
  officialResultsUrl: String
  primary: EventPrimaryStatus!
  results: EventResultsStatus!
  resultsOfficialAt: DateTime
  resultsOfficialCheckedAt: DateTime
}

input EventsInput {
  after: String
  filter: EventFilter
  first: Int
  search: String
  sportId: Int
}

enum ExternalEventProvider {
  EVENTOR
  ORIS
}

type LeafletCoursePoint {
  code: String!
  latitude: Float!
  legLength: Float
  longitude: Float!
  radio: Boolean!
  sequence: Int!
  type: String!
}

input LoginInput {
  password: password_String_NotNull_maxLength_255!
  username: username_String_NotNull_maxLength_255!
}

type Mutation {
  _empty(nothing: String): String
  changeCurrentUserPassword(input: ChangeCurrentUserPasswordInput!): ResetResponse!
  classFeeUpdate(input: UpdateClassFeeInput!): ResponseMessage!
  classUpdate(input: UpdateClassInput!): ResponseMessage!
  competitorCreate(input: StoreCompetitorInput!): StoreCompetitorResponse!
  competitorStatusChange(input: StatusChange!): ResponseMessage!
  competitorUpdate(input: UpdateCompetitorInput!): ResponseMessage!
  createMeosEventBinding(eventId: String!): EventMeosBinding!
  createUserCard(input: CreateUserCardInput!): UserCard!
  deleteCustomEventService(eventId: String!, id: Int!): ResponseMessage!
  deleteMeosEventBinding(id: Int!): Boolean!
  deleteUserCard(id: Int!): Boolean!
  loadClassDefinitionsFromExternalSystem(eventId: String!): ResponseMessage!
  markChangelogProcessed(eventId: String!, processedBySource: String!, processedByType: ProtocolProcessedByType, protocolId: Int!): ChangelogProcessing!
  requestPasswordReset(email: String!): ResetResponse!
  resendEmailVerification: ResetResponse!
  resetPassword(newPassword: String!, token: String!): AuthPayload!
  saveCustomEventService(input: SaveCustomEventServiceInput!): EventServiceSetting!
  setDefaultUserCard(id: Int!): UserCard!
  signin(input: LoginInput): AuthPayload
  signup(input: UserInput): ResponseMessage
  updateControlRadioFlag(controlId: Int!, eventId: String!, radio: Boolean!): Control!
  updateCurrentUser(input: UpdateCurrentUserInput!): User!
  updateEventVisibility(eventId: String!, published: Boolean!): EventResponse!
  updateLateEntryFeePercent(eventId: String!, lateEntryFeePercent: Float): ResponseMessage!
  updateSystemEventService(input: UpdateSystemEventServiceInput!): ResponseMessage!
  updateUserCard(input: UpdateUserCardInput!): UserCard!
  verifyEmail(token: String!): AuthPayload!
}

type Organisation {
  createdAt: DateTime
  eventId: String!
  externalId: String
  id: Int!
  name: String!
  nationality: String
  shortName: String
  updatedAt: DateTime
}

type OrganisationName {
  competitors: Int!
  country: String
  countryCode: String
  id: Int!
  name: String!
}

type PageInfo {
  endCursor: String
  hasNextPage: Boolean!
  hasPreviousPage: Boolean!
  startCursor: String
}

enum ProtocolProcessedByType {
  INTEGRATION
  SYSTEM
}

type Query {
  _empty: String
  activeSystemMessages: [SystemMessage!]!
  changelogByEvent(classId: Int, eventId: String!, origin: String, since: DateTime): [Changelog!]
  classById(id: Int!): Class!
  classStartSlotVacancies(classId: Int!): [ClassStartSlotVacancy!]!
  competitorById(id: Int!): Competitor!
  competitorSplits(competitorId: Int!): [Split!]
  competitorsByClass(id: Int!): [Competitor!]
  competitorsByOrganisation(eventId: String!, organisation: String, organisationId: Int): [Competitor!]
  competitorsByTeam(id: Int!): [Competitor!]
  countries: [Country!]!
  courseLeafletPoints(classId: Int!): [LeafletCoursePoint!]!
  courseRadioControls(classId: Int!): [RadioCoursePoint!]!
  currencies: [Currency!]!
  currentUser: User!
  currentUserCards: [UserCard!]!
  event(id: String!): Event
  eventClasses(eventId: String!): [Class!]
  eventClassesByIds(eventId: String!, ids: [Int!]): [Class!]
  eventEntryAvailability(eventId: String!): EntryAvailability
  eventFilesStatus(eventId: String!): EventFilesStatus!
  eventImportStates(eventId: String!): [EventImportState!]!
  eventServiceSettings(eventId: String!): EventServiceSettings!
  events(input: EventsInput): EventConnection!
  eventsBySport(sportId: Int!): [Event!]
  eventsByUser(userId: Int!): [Event!]
  myEvents: [Event!]
  organisationNames(eventId: String!): [OrganisationName!]!
  organisations(eventId: String!): [Organisation!]!
  searchEvents(query: String!): [Event]!
  searchOrganisationNames(eventId: String!, q: String!): [OrganisationName!]!
  splitPublicationStatus(classId: Int!): SplitPublicationStatus!
  sport(id: Int!): Sport
  sports: [Sport!]!
  teamById(id: Int!): Team!
  teamsByClass(id: Int!): [Team!]
}

type RadioCoursePoint {
  code: String!
  latitude: Float
  legLength: Float
  longitude: Float
  sequence: Int!
}

type ResetResponse {
  message: String
  success: Boolean!
}

type ResponseMessage {
  message: String!
  token: String
  user: User
}

input SaveCustomEventServiceInput {
  active: Boolean
  description: String
  eventId: String!
  id: Int
  maxQuantity: Int
  name: String!
  price: Float
}

type Split {
  competitorId: Int!
  controlCode: Int!
  id: Int!
  time: Int
}

enum SplitPublicationMode {
  DISABLED
  LAST_START
  SCHEDULED
  UNRESTRICTED
}

enum SplitPublicationReason {
  DISABLED
  PUBLISHED
  WAITING_FOR_LAST_START
  WAITING_FOR_SCHEDULED
}

type SplitPublicationStatus {
  classId: Int!
  eventId: String!
  isAccessible: Boolean!
  isPublished: Boolean!
  mode: SplitPublicationMode!
  publishAt: DateTime
  reason: SplitPublicationReason!
}

type Sport {
  id: Int!
  name: String!
}

enum StartMode {
  FreeStart
  MassStart
  PursuitStart
  StartList
  WaveStart
}

input StatusChange {
  competitorId: Int!
  eventId: ID!
  origin: origin_String_NotNull_maxLength_32_pattern_START!
  status: status_String_NotNull_maxLength_32_pattern_ActiveInactiveDidNotStartLateStart!
}

input StoreCompetitorInput {
  bibNumber: Int
  card: Int
  classId: Int!
  eventId: String!
  externalId: String
  finishTime: DateTime
  firstname: String!
  lastname: String!
  lateStart: Boolean
  leg: Int
  license: String
  nationality: String
  note: String
  organisation: String
  origin: String!
  rankingPoints: Int
  rankingReferenceValue: Int
  registration: String
  shortName: String
  startTime: DateTime
  status: String
  teamId: Int
  time: Int
}

type StoreCompetitorResponse {
  competitor: Competitor!
  message: String!
}

type Subscription {
  _empty(nothing: String): String
  competitorUpdated(eventId: String!): Competitor!
  competitorsByClassUpdated(classId: Int!): [Competitor!]
  splitCompetitorsByClassUpdated(classId: Int!): [Competitor!]
  winnerUpdated(eventId: String!): WinnerNotification
}

type SystemMessage {
  createdAt: DateTime!
  expiresAt: DateTime
  id: Int!
  message: String!
  publishedAt: DateTime!
  severity: SystemMessageSeverity!
  title: String
  updatedAt: DateTime!
}

enum SystemMessageSeverity {
  ERROR
  INFO
  SUCCESS
  WARNING
}

type Team {
  bibNumber: Int
  class: Class!
  classId: Int!
  competitors: [Competitor!]
  externalId: String
  id: Int!
  name: String!
  organisation: String
  shortName: String
}

input UpdateClassFeeInput {
  classId: Int!
  fee: Float
}

input UpdateClassInput {
  awardedPlaces: Int
  classId: Int!
  fee: Float
  lateEntryFeeDisabled: Boolean
  maxAge: Int
  maxNumberOfCompetitors: Int
  maxTeamMembers: Int
  minAge: Int
  minTeamMembers: Int
  resultListMode: String
  sex: String
  startMode: StartMode
}

input UpdateCompetitorInput {
  bibNumber: Int
  card: Int
  classId: Int
  competitorId: Int!
  eventId: ID!
  externalId: String
  finishTime: DateTime
  firstname: String
  lastname: String
  lateStart: Boolean
  leg: Int
  license: String
  nationality: String
  note: String
  organisation: String
  origin: origin_String_NotNull_maxLength_32_pattern_STARTFINISHITOFFICE!
  rankingPoints: Int
  rankingReferenceValue: Int
  registration: String
  shortName: String
  startTime: DateTime
  status: String
  teamId: Int
  time: Int
}

input UpdateCurrentUserInput {
  email: email_String_maxLength_255_format_email
  emergencyContact: emergencyContact_String_maxLength_255
  firstname: firstname_String_minLength_1_maxLength_255
  lastname: lastname_String_minLength_1_maxLength_255
  organisation: organisation_String_maxLength_191
}

input UpdateSystemEventServiceInput {
  active: Boolean!
  eventId: String!
  price: Float
  systemKey: EventServiceSystemKey!
}

input UpdateUserCardInput {
  cardNumber: cardNumber_String_NotNull_minLength_1_maxLength_64!
  id: Int!
  sportId: Int!
  type: UserCardType!
}

type User {
  active: Boolean
  createdAt: DateTime!
  email: email_String_NotNull_maxLength_255_format_email!
  emailVerifiedAt: DateTime
  emergencyContact: emergencyContact_String_maxLength_255
  firstname: firstname_String_NotNull_maxLength_255!
  id: Int!
  lastname: lastname_String_NotNull_maxLength_255!
  organisation: organisation_String_maxLength_191
  password: password_String_NotNull_maxLength_255!
  role: UserRole!
  updatedAt: DateTime!
}

type UserCard {
  cardNumber: String!
  createdAt: DateTime!
  id: Int!
  isDefault: Boolean!
  sport: Sport!
  sportId: Int!
  type: UserCardType!
  updatedAt: DateTime!
  userId: Int!
}

enum UserCardType {
  SPORTIDENT
}

input UserInput {
  email: email_String_NotNull_maxLength_255_format_email!
  firstname: firstname_String_NotNull_maxLength_255!
  lastname: lastname_String_NotNull_maxLength_255!
  organisation: organisation_String_maxLength_191
  password: password_String_NotNull_maxLength_255!
}

enum UserRole {
  ADMIN
  USER
}

type WinnerNotification {
  classId: Int!
  className: String!
  eventId: String!
  name: String!
}

scalar cardNumber_String_NotNull_minLength_1_maxLength_64

scalar currentPassword_String_NotNull_minLength_1_maxLength_255

scalar email_String_NotNull_maxLength_255_format_email

scalar email_String_maxLength_255_format_email

scalar emergencyContact_String_maxLength_255

scalar firstname_String_NotNull_maxLength_255

scalar firstname_String_minLength_1_maxLength_255

scalar lastname_String_NotNull_maxLength_255

scalar lastname_String_minLength_1_maxLength_255

scalar newPassword_String_NotNull_minLength_8_maxLength_255

scalar organisation_String_maxLength_191

scalar origin_String_NotNull_maxLength_32_pattern_START

scalar origin_String_NotNull_maxLength_32_pattern_STARTFINISHITOFFICE

scalar password_String_NotNull_maxLength_255

scalar status_String_NotNull_maxLength_32_pattern_ActiveInactiveDidNotStartLateStart

scalar username_String_NotNull_maxLength_255"
`;
